TAP version 13
# Subtest: tissue GLBs match hashes, contain finite metric geometry and preserve every entity across LODs
ok 1 - tissue GLBs match hashes, contain finite metric geometry and preserve every entity across LODs
  ---
  duration_ms: 418.680083
  type: 'test'
  ...
# Subtest: source anatomy stays separate from representative cells and manifests reject unit or identity drift
ok 2 - source anatomy stays separate from representative cells and manifests reject unit or identity drift
  ---
  duration_ms: 2.312956
  type: 'test'
  ...
# Subtest: independent GLB inspection rejects corrupted headers, indices and physical metadata
ok 3 - independent GLB inspection rejects corrupted headers, indices and physical metadata
  ---
  duration_ms: 3.26574
  type: 'test'
  ...
# Subtest: tissue recordings preserve scale, selection and playhead while rejecting incompatible packages before loading
ok 4 - tissue recordings preserve scale, selection and playhead while rejecting incompatible packages before loading
  ---
  duration_ms: 2.62639
  type: 'test'
  ...
# Subtest: exported filament endpoints remain anchored while shortening changes overlap, not filament lengths
ok 5 - exported filament endpoints remain anchored while shortening changes overlap, not filament lengths
  ---
  duration_ms: 164.673254
  type: 'test'
  ...
1..5
# tests 5
# suites 0
# pass 5
# fail 0
# cancelled 0
# skipped 0
# todo 0
# duration_ms 798.644848
