TAP version 13
# Subtest: closed circulation preserves blood, plasma/RBC basis, per-node volume transfers and insulin budgets
ok 1 - closed circulation preserves blood, plasma/RBC basis, per-node volume transfers and insulin budgets
  ---
  duration_ms: 9.893296
  type: 'test'
  ...
# Subtest: signed upwind transport preserves uniform plasma concentration and handles reverse flow
ok 2 - signed upwind transport preserves uniform plasma concentration and handles reverse flow
  ---
  duration_ms: 0.238666
  type: 'test'
  ...
# Subtest: pump beat integral equals declared cardiac output and pulse pressure is dynamic
ok 3 - pump beat integral equals declared cardiac output and pulse pressure is dynamic
  ---
  duration_ms: 0.828259
  type: 'test'
  ...
# Subtest: portal first pass, no pulse, no exchange and hepatic clearance interventions have causal effects
ok 4 - portal first pass, no pulse, no exchange and hepatic clearance interventions have causal effects
  ---
  duration_ms: 968.287743
  type: 'test'
  ...
# Subtest: step halving meets the locked pressure, hormone and source-observer tolerances
ok 5 - step halving meets the locked pressure, hormone and source-observer tolerances
  ---
  duration_ms: 614.192259
  type: 'test'
  ...
# Subtest: observation and recording preserve model state and incompatible inputs are rejected
ok 6 - observation and recording preserve model state and incompatible inputs are rejected
  ---
  duration_ms: 1.479968
  type: 'test'
  ...
1..6
# tests 6
# suites 0
# pass 6
# fail 0
# cancelled 0
# skipped 0
# todo 0
# duration_ms 2169.237764
