✔ physical units convert explicitly and reject relative activities, dimensions and nonfinite input (1.606423ms)
✔ compilation rejects unbalanced chemistry, wrong kinetics, duplicate ownership and unauthorized ports (3.367655ms)
✔ first-order clearance matches the exponential analytic solution and closes its ledger (18.217606ms)
✔ closed mixing matches analytic two-compartment transport and equalizes concentrations (15.363252ms)
✔ finite reversible receptor binding agrees with its analytic equilibrium and conserves both moieties (185.780658ms)
✔ high rates trigger internal refinement while retaining positivity and analytic agreement (1.721759ms)
✔ a coupled pulse shows delayed binding; receptor and clearance perturbations have causal effects (178.708255ms)
✔ chemical checkpoint resume is deterministic; invalid state and model versions are rejected before mutation (4.876636ms)
✔ insulin no-feedback implementation reproduces independent Radau outputs and timestep refinement (222.614708ms)
✔ insulin dose modifies the computed cascade and source pool invariants hold (115.89371ms)
✔ camera/playhead observations never alter trajectories and replay packages reject legacy or altered contracts (48.018586ms)
ℹ tests 11
ℹ suites 0
ℹ pass 11
ℹ fail 0
ℹ cancelled 0
ℹ skipped 0
ℹ todo 0
ℹ duration_ms 911.047117
